currently 8, pointer to 1
current name '@', seeking to 1
