Adding www.amazon.com. at 10
Looking for www.amazon.com., found 10
Adding www.cnn.com. at 10
Looking for www.cnn.com., found 10
