currently 10, pointer to 1
current name 'B', seeking to 1
currently 8, pointer to 1
current name '@', seeking to 1
currently 10, pointer to 1
current name 'B', seeking to 1
currently 8, pointer to 1
current name '@', seeking to 1
